../Drivers/CMSIS/Include/core_cm4.h:1938:34:__NVIC_SystemReset	4	static,ignoring_inline_asm
../Core/Inc/bno055_stm32.h:20:6:bno055_assignI2C	16	static
../Core/Inc/bno055_stm32.h:24:6:bno055_delay	16	static
../Core/Inc/bno055_stm32.h:32:6:bno055_writeData	40	static
../Core/Inc/bno055_stm32.h:96:6:bno055_readData	24	static
../Core/Src/rotors.h:47:5:constrain	24	static
../Core/Src/rotors.h:56:7:constrain_float	24	static
../Core/Src/rotors.h:67:6:absolute	16	static
../Core/Src/rotors.h:74:6:dis_cal	16	static
../Core/Src/rotors.h:87:6:rotors	24	static
../Core/Src/rotors.h:140:6:feed	8	static
../Core/Src/rotors.h:150:6:rpm_cal	16	static
../Core/Src/communication.h:13:5:Rxvalueslo	40	static
../Core/Src/communication.h:42:5:Arvalueslo	16	static
../Core/Src/communication.h:50:5:Mpuvalueslo	16	static
../Core/Src/alignment.h:17:6:align	32	static
../Core/Src/locomotion.h:14:8:toradian	16	static
../Core/Src/locomotion.h:19:6:locomotion	16	static
../Core/Src/locomotion.h:111:6:calc	16	static
../Core/Src/locomotion.h:117:6:locomote	88	static
../Core/Src/dribble.h:14:10:analogRead_pa4	32	static
../Core/Src/dribble.h:29:6:dribble	8	static
../Core/Src/dribble.h:209:6:dalay	24	static
../Core/Src/main.c:117:6:HAL_TIM_IC_CaptureCallback	16	static
../Core/Src/main.c:125:6:HAL_UART_RxCpltCallback	16	static
../Core/Src/main.c:145:5:main	8	static
../Core/Src/main.c:554:6:SystemClock_Config	88	static
../Core/Src/main.c:601:13:MX_ADC1_Init	24	static
../Core/Src/main.c:717:13:MX_I2C1_Init	8	static
../Core/Src/main.c:751:13:MX_TIM1_Init	56	static
../Core/Src/main.c:801:13:MX_TIM2_Init	48	static
../Core/Src/main.c:862:13:MX_TIM3_Init	56	static
../Core/Src/main.c:911:13:MX_TIM4_Init	56	static
../Core/Src/main.c:960:13:MX_TIM5_Init	56	static
../Core/Src/main.c:1009:13:MX_TIM8_Init	56	static
../Core/Src/main.c:1059:13:MX_TIM9_Init	40	static
../Core/Src/main.c:1105:13:MX_TIM12_Init	40	static
../Core/Src/main.c:1151:13:MX_UART4_Init	8	static
../Core/Src/main.c:1184:13:MX_UART5_Init	8	static
../Core/Src/main.c:1217:13:MX_USART1_UART_Init	8	static
../Core/Src/main.c:1250:13:MX_USART2_UART_Init	8	static
../Core/Src/main.c:1281:13:MX_DMA_Init	16	static
../Core/Src/main.c:1321:13:MX_GPIO_Init	48	static
../Core/Src/main.c:1399:6:Error_Handler	4	static,ignoring_inline_asm
