../Drivers/CMSIS/Include/core_cm4.h:1938:34:__NVIC_SystemReset	4	static,ignoring_inline_asm
../Core/Inc/bno055_stm32.h:20:6:bno055_assignI2C	16	static
../Core/Inc/bno055_stm32.h:24:6:bno055_delay	16	static
../Core/Inc/bno055_stm32.h:32:6:bno055_writeData	40	static
../Core/Inc/bno055_stm32.h:96:6:bno055_readData	24	static
../Core/Src/rotors.h:26:5:constrain	24	static
../Core/Src/rotors.h:35:7:constrain_float	24	static
../Core/Src/rotors.h:46:6:absolute	16	static
../Core/Src/rotors.h:53:6:dis_cal	8	static
../Core/Src/rotors.h:66:6:rotors	16	static
../Core/Src/rotors.h:111:6:feed	8	static
../Core/Src/rotors.h:121:6:rpm_cal	16	static
../Core/Src/communication.h:13:5:Rxvalueslo	40	static
../Core/Src/communication.h:54:5:Arvalueslo	16	static
../Core/Src/communication.h:62:5:Mpuvalueslo	16	static
../Core/Src/alignment.h:4:6:align	24	static
../Core/Src/locomotion.h:12:8:toradian	16	static
../Core/Src/locomotion.h:17:6:locomotion	8	static
../Core/Src/locomotion.h:98:6:calc	16	static
../Core/Src/locomotion.h:104:6:locomote	88	static
../Core/Src/dribble.h:8:10:analogRead_pa4	32	static
../Core/Src/dribble.h:23:6:dribble	8	static
../Core/Src/dribble.h:184:6:dalay	24	static
../Core/Src/main.c:114:6:HAL_TIM_IC_CaptureCallback	16	static
../Core/Src/main.c:122:6:HAL_UART_RxCpltCallback	16	static
../Core/Src/main.c:141:5:main	8	static
../Core/Src/main.c:549:6:SystemClock_Config	88	static
../Core/Src/main.c:596:13:MX_ADC1_Init	24	static
../Core/Src/main.c:648:13:MX_I2C1_Init	8	static
../Core/Src/main.c:682:13:MX_TIM1_Init	56	static
../Core/Src/main.c:732:13:MX_TIM2_Init	48	static
../Core/Src/main.c:793:13:MX_TIM3_Init	56	static
../Core/Src/main.c:842:13:MX_TIM4_Init	56	static
../Core/Src/main.c:891:13:MX_TIM5_Init	56	static
../Core/Src/main.c:940:13:MX_TIM8_Init	56	static
../Core/Src/main.c:990:13:MX_TIM9_Init	40	static
../Core/Src/main.c:1036:13:MX_TIM10_Init	40	static
../Core/Src/main.c:1082:13:MX_TIM12_Init	40	static
../Core/Src/main.c:1128:13:MX_UART4_Init	8	static
../Core/Src/main.c:1161:13:MX_UART5_Init	8	static
../Core/Src/main.c:1194:13:MX_USART2_UART_Init	8	static
../Core/Src/main.c:1225:13:MX_DMA_Init	16	static
../Core/Src/main.c:1258:13:MX_GPIO_Init	48	static
../Core/Src/main.c:1336:6:Error_Handler	4	static,ignoring_inline_asm
