../Core/Inc/bno055_stm32.h:20:6:bno055_assignI2C	16	static
../Core/Inc/bno055_stm32.h:24:6:bno055_delay	16	static
../Core/Inc/bno055_stm32.h:32:6:bno055_writeData	40	static
../Core/Inc/bno055_stm32.h:96:6:bno055_readData	24	static
../Core/Src/rotors.h:26:5:constrain	24	static
../Core/Src/rotors.h:35:7:constrain_float	24	static
../Core/Src/rotors.h:46:6:absolute	16	static
../Core/Src/rotors.h:53:6:dis_cal	8	static
../Core/Src/rotors.h:65:6:rotors	24	static
../Core/Src/rotors.h:110:6:feed	8	static
../Core/Src/rotors.h:120:6:rpm_cal	16	static
../Core/Src/communication.h:13:6:Rxvalueslo	40	static
../Core/Src/communication.h:64:6:Arvalueslo	16	static
../Core/Src/communication.h:74:6:Mpuvalueslo	16	static
../Core/Src/alignment.h:4:6:align	24	static
../Core/Src/locomotion.h:12:8:toradian	16	static
../Core/Src/locomotion.h:17:6:locomotion	8	static
../Core/Src/locomotion.h:100:6:calc	16	static
../Core/Src/locomotion.h:106:6:locomote	80	static
../Core/Src/dribble.h:8:10:analogRead_pa4	32	static
../Core/Src/dribble.h:23:6:dribble	8	static
../Core/Src/dribble.h:104:6:while_delay	24	static
../Core/Src/main.c:115:6:HAL_TIM_IC_CaptureCallback	16	static
../Core/Src/main.c:123:6:HAL_UART_RxCpltCallback	16	static
../Core/Src/main.c:142:5:main	8	static
../Core/Src/main.c:617:6:SystemClock_Config	88	static
../Core/Src/main.c:661:13:MX_ADC1_Init	24	static
../Core/Src/main.c:710:13:MX_I2C1_Init	8	static
../Core/Src/main.c:742:13:MX_TIM1_Init	56	static
../Core/Src/main.c:790:13:MX_TIM2_Init	48	static
../Core/Src/main.c:849:13:MX_TIM3_Init	56	static
../Core/Src/main.c:896:13:MX_TIM4_Init	56	static
../Core/Src/main.c:943:13:MX_TIM5_Init	56	static
../Core/Src/main.c:990:13:MX_TIM8_Init	56	static
../Core/Src/main.c:1038:13:MX_TIM9_Init	40	static
../Core/Src/main.c:1082:13:MX_TIM10_Init	40	static
../Core/Src/main.c:1125:13:MX_TIM12_Init	40	static
../Core/Src/main.c:1169:13:MX_UART4_Init	8	static
../Core/Src/main.c:1200:13:MX_UART5_Init	8	static
../Core/Src/main.c:1231:13:MX_USART2_UART_Init	8	static
../Core/Src/main.c:1260:13:MX_DMA_Init	16	static
../Core/Src/main.c:1292:13:MX_GPIO_Init	48	static
../Core/Src/main.c:1372:6:Error_Handler	4	static,ignoring_inline_asm
