../Core/Src/stm32f4xx_it.c:87:6:NMI_Handler	4	static
../Core/Src/stm32f4xx_it.c:102:6:HardFault_Handler	4	static
../Core/Src/stm32f4xx_it.c:117:6:MemManage_Handler	4	static
../Core/Src/stm32f4xx_it.c:132:6:BusFault_Handler	4	static
../Core/Src/stm32f4xx_it.c:147:6:UsageFault_Handler	4	static
../Core/Src/stm32f4xx_it.c:162:6:SVC_Handler	4	static
../Core/Src/stm32f4xx_it.c:175:6:DebugMon_Handler	4	static
../Core/Src/stm32f4xx_it.c:188:6:PendSV_Handler	4	static
../Core/Src/stm32f4xx_it.c:201:6:SysTick_Handler	8	static
../Core/Src/stm32f4xx_it.c:222:6:DMA1_Stream0_IRQHandler	8	static
../Core/Src/stm32f4xx_it.c:236:6:DMA1_Stream2_IRQHandler	8	static
../Core/Src/stm32f4xx_it.c:250:6:DMA1_Stream4_IRQHandler	8	static
../Core/Src/stm32f4xx_it.c:264:6:DMA1_Stream5_IRQHandler	8	static
../Core/Src/stm32f4xx_it.c:278:6:DMA1_Stream6_IRQHandler	8	static
../Core/Src/stm32f4xx_it.c:292:6:TIM1_BRK_TIM9_IRQHandler	8	static
../Core/Src/stm32f4xx_it.c:307:6:TIM1_UP_TIM10_IRQHandler	8	static
../Core/Src/stm32f4xx_it.c:321:6:TIM1_TRG_COM_TIM11_IRQHandler	8	static
../Core/Src/stm32f4xx_it.c:336:6:TIM1_CC_IRQHandler	8	static
../Core/Src/stm32f4xx_it.c:350:6:TIM3_IRQHandler	8	static
../Core/Src/stm32f4xx_it.c:364:6:TIM4_IRQHandler	8	static
../Core/Src/stm32f4xx_it.c:378:6:USART2_IRQHandler	8	static
../Core/Src/stm32f4xx_it.c:392:6:TIM8_BRK_TIM12_IRQHandler	8	static
../Core/Src/stm32f4xx_it.c:407:6:TIM8_UP_TIM13_IRQHandler	8	static
../Core/Src/stm32f4xx_it.c:421:6:TIM8_TRG_COM_TIM14_IRQHandler	8	static
../Core/Src/stm32f4xx_it.c:435:6:TIM8_CC_IRQHandler	8	static
../Core/Src/stm32f4xx_it.c:449:6:DMA1_Stream7_IRQHandler	8	static
../Core/Src/stm32f4xx_it.c:463:6:TIM5_IRQHandler	8	static
../Core/Src/stm32f4xx_it.c:477:6:UART4_IRQHandler	8	static
../Core/Src/stm32f4xx_it.c:491:6:UART5_IRQHandler	8	static
../Core/Src/stm32f4xx_it.c:505:6:DMA2_Stream2_IRQHandler	8	static
../Core/Src/stm32f4xx_it.c:519:6:DMA2_Stream7_IRQHandler	8	static
